Node: type=70 (PARSE_TREE), pos=0, len=153, sev=48
  Node: type=38 (LEXER_COMMENT), pos=0, len=19, sev=48, text="# This is a comment"
  Node: type=33 (LEXER_WHITESPACE), pos=19, len=1, sev=48, text=""
  Node: type=73 (PARSE_TREE_STATEMENT), pos=20, len=10, sev=48
    Node: type=41 (LEXER_KEYWORD), pos=20, len=3, sev=48, text="int"
    Node: type=33 (LEXER_WHITESPACE), pos=23, len=1, sev=48, text=" "
    Node: type=54 (LEXER_IDENTIFIER), pos=24, len=1, sev=48, text="x"
    Node: type=33 (LEXER_WHITESPACE), pos=25, len=1, sev=48, text=" "
    Node: type=43 (LEXER_OPERATOR_ASSIGN), pos=26, len=1, sev=48, text="="
    Node: type=33 (LEXER_WHITESPACE), pos=27, len=1, sev=48, text=" "
    Node: type=40 (LEXER_NUMBER_LITERAL), pos=28, len=1, sev=48, text="5"
    Node: type=47 (LEXER_STATEMENT_SEPARATOR), pos=29, len=1, sev=48, text=";"
  Node: type=33 (LEXER_WHITESPACE), pos=30, len=1, sev=48, text=""
  Node: type=38 (LEXER_COMMENT), pos=31, len=25, sev=48, text="# This is another comment"
  Node: type=33 (LEXER_WHITESPACE), pos=56, len=1, sev=48, text=""
  Node: type=73 (PARSE_TREE_STATEMENT), pos=57, len=6, sev=48
    Node: type=41 (LEXER_KEYWORD), pos=57, len=3, sev=48, text="int"
    Node: type=33 (LEXER_WHITESPACE), pos=60, len=1, sev=48, text=" "
    Node: type=54 (LEXER_IDENTIFIER), pos=61, len=1, sev=48, text="y"
    Node: type=47 (LEXER_STATEMENT_SEPARATOR), pos=62, len=1, sev=48, text=";"
  Node: type=33 (LEXER_WHITESPACE), pos=63, len=1, sev=48, text=""
  Node: type=73 (PARSE_TREE_STATEMENT), pos=64, len=12, sev=48
    Node: type=54 (LEXER_IDENTIFIER), pos=64, len=1, sev=48, text="a"
    Node: type=33 (LEXER_WHITESPACE), pos=65, len=1, sev=48, text=" "
    Node: type=43 (LEXER_OPERATOR_ASSIGN), pos=66, len=1, sev=48, text="="
    Node: type=33 (LEXER_WHITESPACE), pos=67, len=1, sev=48, text=" "
    Node: type=74 (PARSE_TREE_EXPR), pos=68, len=7, sev=48
      Node: type=52 (LEXER_LH_EXPR), pos=68, len=1, sev=48, text="("
      Node: type=40 (LEXER_NUMBER_LITERAL), pos=69, len=1, sev=48, text="1"
      Node: type=33 (LEXER_WHITESPACE), pos=70, len=1, sev=48, text=" "
      Node: type=44 (LEXER_OPERATOR_ARITHMETIC), pos=71, len=1, sev=48, text="+"
      Node: type=33 (LEXER_WHITESPACE), pos=72, len=1, sev=48, text=" "
      Node: type=40 (LEXER_NUMBER_LITERAL), pos=73, len=1, sev=48, text="2"
      Node: type=53 (LEXER_RH_EXPR), pos=74, len=1, sev=48, text=")"
    Node: type=47 (LEXER_STATEMENT_SEPARATOR), pos=75, len=1, sev=48, text=";"
  Node: type=33 (LEXER_WHITESPACE), pos=76, len=1, sev=48, text=""
  Node: type=73 (PARSE_TREE_STATEMENT), pos=77, len=33, sev=48
    Node: type=54 (LEXER_IDENTIFIER), pos=77, len=1, sev=48, text="y"
    Node: type=33 (LEXER_WHITESPACE), pos=78, len=1, sev=48, text=" "
    Node: type=43 (LEXER_OPERATOR_ASSIGN), pos=79, len=1, sev=48, text="="
    Node: type=33 (LEXER_WHITESPACE), pos=80, len=1, sev=48, text=" "
    Node: type=74 (PARSE_TREE_EXPR), pos=81, len=28, sev=48
      Node: type=74 (PARSE_TREE_EXPR), pos=81, len=18, sev=48
        Node: type=74 (PARSE_TREE_EXPR), pos=81, len=8, sev=48
          Node: type=52 (LEXER_LH_EXPR), pos=81, len=1, sev=48, text="("
          Node: type=54 (LEXER_IDENTIFIER), pos=82, len=1, sev=48, text="x"
          Node: type=33 (LEXER_WHITESPACE), pos=83, len=1, sev=48, text=" "
          Node: type=44 (LEXER_OPERATOR_ARITHMETIC), pos=84, len=1, sev=48, text="+"
          Node: type=33 (LEXER_WHITESPACE), pos=85, len=1, sev=48, text=" "
          Node: type=40 (LEXER_NUMBER_LITERAL), pos=86, len=2, sev=48, text="10"
          Node: type=53 (LEXER_RH_EXPR), pos=88, len=1, sev=48, text=")"
        Node: type=33 (LEXER_WHITESPACE), pos=89, len=1, sev=48, text=" "
        Node: type=44 (LEXER_OPERATOR_ARITHMETIC), pos=90, len=1, sev=48, text="*"
        Node: type=33 (LEXER_WHITESPACE), pos=91, len=1, sev=48, text=" "
        Node: type=74 (PARSE_TREE_EXPR), pos=92, len=7, sev=48
          Node: type=52 (LEXER_LH_EXPR), pos=92, len=1, sev=48, text="("
          Node: type=54 (LEXER_IDENTIFIER), pos=93, len=1, sev=48, text="m"
          Node: type=33 (LEXER_WHITESPACE), pos=94, len=1, sev=48, text=" "
          Node: type=44 (LEXER_OPERATOR_ARITHMETIC), pos=95, len=1, sev=48, text="*"
          Node: type=33 (LEXER_WHITESPACE), pos=96, len=1, sev=48, text=" "
          Node: type=54 (LEXER_IDENTIFIER), pos=97, len=1, sev=48, text="n"
          Node: type=53 (LEXER_RH_EXPR), pos=98, len=1, sev=48, text=")"
      Node: type=33 (LEXER_WHITESPACE), pos=99, len=1, sev=48, text=" "
      Node: type=44 (LEXER_OPERATOR_ARITHMETIC), pos=100, len=1, sev=48, text="*"
      Node: type=33 (LEXER_WHITESPACE), pos=101, len=1, sev=48, text=" "
      Node: type=74 (PARSE_TREE_EXPR), pos=102, len=7, sev=48
        Node: type=52 (LEXER_LH_EXPR), pos=102, len=1, sev=48, text="("
        Node: type=54 (LEXER_IDENTIFIER), pos=103, len=1, sev=48, text="a"
        Node: type=33 (LEXER_WHITESPACE), pos=104, len=1, sev=48, text=" "
        Node: type=44 (LEXER_OPERATOR_ARITHMETIC), pos=105, len=1, sev=48, text="+"
        Node: type=33 (LEXER_WHITESPACE), pos=106, len=1, sev=48, text=" "
        Node: type=40 (LEXER_NUMBER_LITERAL), pos=107, len=1, sev=48, text="5"
        Node: type=53 (LEXER_RH_EXPR), pos=108, len=1, sev=48, text=")"
    Node: type=47 (LEXER_STATEMENT_SEPARATOR), pos=109, len=1, sev=48, text=";"
  Node: type=33 (LEXER_WHITESPACE), pos=110, len=2, sev=48, text="
"
  Node: type=73 (PARSE_TREE_STATEMENT), pos=112, len=25, sev=48
    Node: type=41 (LEXER_KEYWORD), pos=112, len=3, sev=48, text="say"
    Node: type=33 (LEXER_WHITESPACE), pos=115, len=1, sev=48, text=" "
    Node: type=39 (LEXER_STRING_LITERAL), pos=116, len=20, sev=48, text=""The value of y is:""
    Node: type=47 (LEXER_STATEMENT_SEPARATOR), pos=136, len=1, sev=48, text=";"
  Node: type=33 (LEXER_WHITESPACE), pos=137, len=1, sev=48, text=""
  Node: type=73 (PARSE_TREE_STATEMENT), pos=138, len=6, sev=48
    Node: type=41 (LEXER_KEYWORD), pos=138, len=3, sev=48, text="say"
    Node: type=33 (LEXER_WHITESPACE), pos=141, len=1, sev=48, text=" "
    Node: type=54 (LEXER_IDENTIFIER), pos=142, len=1, sev=48, text="x"
    Node: type=47 (LEXER_STATEMENT_SEPARATOR), pos=143, len=1, sev=48, text=";"
  Node: type=33 (LEXER_WHITESPACE), pos=144, len=1, sev=48, text=""
  Node: type=73 (PARSE_TREE_STATEMENT), pos=145, len=6, sev=48
    Node: type=41 (LEXER_KEYWORD), pos=145, len=3, sev=48, text="say"
    Node: type=33 (LEXER_WHITESPACE), pos=148, len=1, sev=48, text=" "
    Node: type=54 (LEXER_IDENTIFIER), pos=149, len=1, sev=48, text="y"
    Node: type=47 (LEXER_STATEMENT_SEPARATOR), pos=150, len=1, sev=48, text=";"
  Node: type=33 (LEXER_WHITESPACE), pos=151, len=2, sev=48, text="
"
